[      65ms] [ERROR] Failed to load resource: the server responded with a status of 404 (Not Found) @ http://localhost:8090/styles.css?__frsh_c=06862b1076bc366eb8bd80daed8974c48882c4b2:0
[     213ms] [LOG] %c Fresh %c Connected to development server. background-color: #86efac; color: black color: inherit @ http://localhost:8090/_fresh/js/06862b1076bc366eb8bd80daed8974c48882c4b2/chunk-EC76RJ5D.js:192
[     252ms] [ERROR] Failed to load resource: the server responded with a status of 404 (Not Found) @ http://localhost:8090/favicon.ico:0
[     472ms] [ERROR] Failed to load resource: the server responded with a status of 404 (Not Found) @ http://localhost:8090/styles.css?__frsh_c=06862b1076bc366eb8bd80daed8974c48882c4b2:0
[   95692ms] [LOG] %c Fresh %c Connection closed. Trying to reconnect... background-color: #86efac; color: black color: inherit @ http://localhost:8090/_fresh/js/06862b1076bc366eb8bd80daed8974c48882c4b2/chunk-EC76RJ5D.js:154
[   95694ms] [ERROR] WebSocket connection to 'ws://localhost:8090/_frsh/alive' failed: Error in connection establishment: net::ERR_CONNECTION_REFUSED @ http://localhost:8090/_fresh/js/06862b1076bc366eb8bd80daed8974c48882c4b2/chunk-EC76RJ5D.js:174
[   95845ms] [ERROR] WebSocket connection to 'ws://localhost:8090/_frsh/alive' failed: Error in connection establishment: net::ERR_CONNECTION_REFUSED @ http://localhost:8090/_fresh/js/06862b1076bc366eb8bd80daed8974c48882c4b2/chunk-EC76RJ5D.js:174
[   96368ms] [LOG] %c Fresh %c Connected to development server. background-color: #86efac; color: black color: inherit @ http://localhost:8090/_fresh/js/b695d450c5139bbaf0543669deeffa6eb7bdbd7a/chunk-RO7SAZ7P.js:192
[  109974ms] [LOG] %c Fresh %c Connected to development server. background-color: #86efac; color: black color: inherit @ http://localhost:8090/_fresh/js/b695d450c5139bbaf0543669deeffa6eb7bdbd7a/chunk-RO7SAZ7P.js:192
[  144999ms] [LOG] %c Fresh %c Connected to development server. background-color: #86efac; color: black color: inherit @ http://localhost:8090/_fresh/js/b695d450c5139bbaf0543669deeffa6eb7bdbd7a/chunk-RO7SAZ7P.js:192
[  157242ms] [LOG] %c Fresh %c Connection closed. Trying to reconnect... background-color: #86efac; color: black color: inherit @ http://localhost:8090/_fresh/js/b695d450c5139bbaf0543669deeffa6eb7bdbd7a/chunk-RO7SAZ7P.js:154
[  157244ms] [ERROR] WebSocket connection to 'ws://localhost:8090/_frsh/alive' failed: Error in connection establishment: net::ERR_CONNECTION_REFUSED @ http://localhost:8090/_fresh/js/b695d450c5139bbaf0543669deeffa6eb7bdbd7a/chunk-RO7SAZ7P.js:174
[  157396ms] [ERROR] WebSocket connection to 'ws://localhost:8090/_frsh/alive' failed: Error in connection establishment: net::ERR_CONNECTION_REFUSED @ http://localhost:8090/_fresh/js/b695d450c5139bbaf0543669deeffa6eb7bdbd7a/chunk-RO7SAZ7P.js:174
[  157955ms] [LOG] %c Fresh %c Connected to development server. background-color: #86efac; color: black color: inherit @ http://localhost:8090/_fresh/js/ada34b02bdb1b7cb8a8e3936ffe42d7b080e09a7/chunk-BG5KDSW7.js:192
[  170021ms] [LOG] %c Fresh %c Connected to development server. background-color: #86efac; color: black color: inherit @ http://localhost:8090/_fresh/js/ada34b02bdb1b7cb8a8e3936ffe42d7b080e09a7/chunk-BG5KDSW7.js:192
[  230305ms] [LOG] %c Fresh %c Connection closed. Trying to reconnect... background-color: #86efac; color: black color: inherit @ http://localhost:8090/_fresh/js/ada34b02bdb1b7cb8a8e3936ffe42d7b080e09a7/chunk-BG5KDSW7.js:154
[  230308ms] [ERROR] WebSocket connection to 'ws://localhost:8090/_frsh/alive' failed: Error in connection establishment: net::ERR_CONNECTION_REFUSED @ http://localhost:8090/_fresh/js/ada34b02bdb1b7cb8a8e3936ffe42d7b080e09a7/chunk-BG5KDSW7.js:174
[  230459ms] [ERROR] WebSocket connection to 'ws://localhost:8090/_frsh/alive' failed: Error in connection establishment: net::ERR_CONNECTION_REFUSED @ http://localhost:8090/_fresh/js/ada34b02bdb1b7cb8a8e3936ffe42d7b080e09a7/chunk-BG5KDSW7.js:174
[  231365ms] [WARNING] cdn.tailwindcss.com should not be used in production. To use Tailwind CSS in production, install it as a PostCSS plugin or use the Tailwind CLI: https://tailwindcss.com/docs/installation @ https://cdn.tailwindcss.com/:63
[  231693ms] [LOG] %c Fresh %c Connected to development server. background-color: #86efac; color: black color: inherit @ http://localhost:8090/_fresh/js/b38c2471f0dd1c6b9424dacdac6f662f91196bd7/chunk-X2AB3GUX.js:192
[  251593ms] [WARNING] cdn.tailwindcss.com should not be used in production. To use Tailwind CSS in production, install it as a PostCSS plugin or use the Tailwind CLI: https://tailwindcss.com/docs/installation @ https://cdn.tailwindcss.com/:63
[  251759ms] [LOG] %c Fresh %c Connected to development server. background-color: #86efac; color: black color: inherit @ http://localhost:8090/_fresh/js/b38c2471f0dd1c6b9424dacdac6f662f91196bd7/chunk-X2AB3GUX.js:192
[  424705ms] [WARNING] cdn.tailwindcss.com should not be used in production. To use Tailwind CSS in production, install it as a PostCSS plugin or use the Tailwind CLI: https://tailwindcss.com/docs/installation @ https://cdn.tailwindcss.com/:63
[  424814ms] [LOG] %c Fresh %c Connected to development server. background-color: #86efac; color: black color: inherit @ http://localhost:8090/_fresh/js/b38c2471f0dd1c6b9424dacdac6f662f91196bd7/chunk-X2AB3GUX.js:192
[  435775ms] [WARNING] cdn.tailwindcss.com should not be used in production. To use Tailwind CSS in production, install it as a PostCSS plugin or use the Tailwind CLI: https://tailwindcss.com/docs/installation @ https://cdn.tailwindcss.com/:63
[  435940ms] [LOG] %c Fresh %c Connected to development server. background-color: #86efac; color: black color: inherit @ http://localhost:8090/_fresh/js/b38c2471f0dd1c6b9424dacdac6f662f91196bd7/chunk-X2AB3GUX.js:192
[  456609ms] [WARNING] cdn.tailwindcss.com should not be used in production. To use Tailwind CSS in production, install it as a PostCSS plugin or use the Tailwind CLI: https://tailwindcss.com/docs/installation @ https://cdn.tailwindcss.com/:63
[  456814ms] [LOG] %c Fresh %c Connected to development server. background-color: #86efac; color: black color: inherit @ http://localhost:8090/_fresh/js/b38c2471f0dd1c6b9424dacdac6f662f91196bd7/chunk-X2AB3GUX.js:192
[  467636ms] [WARNING] cdn.tailwindcss.com should not be used in production. To use Tailwind CSS in production, install it as a PostCSS plugin or use the Tailwind CLI: https://tailwindcss.com/docs/installation @ https://cdn.tailwindcss.com/:63
[  467808ms] [LOG] %c Fresh %c Connected to development server. background-color: #86efac; color: black color: inherit @ http://localhost:8090/_fresh/js/b38c2471f0dd1c6b9424dacdac6f662f91196bd7/chunk-X2AB3GUX.js:192
[  480046ms] [WARNING] cdn.tailwindcss.com should not be used in production. To use Tailwind CSS in production, install it as a PostCSS plugin or use the Tailwind CLI: https://tailwindcss.com/docs/installation @ https://cdn.tailwindcss.com/:63
[  480218ms] [LOG] %c Fresh %c Connected to development server. background-color: #86efac; color: black color: inherit @ http://localhost:8090/_fresh/js/b38c2471f0dd1c6b9424dacdac6f662f91196bd7/chunk-X2AB3GUX.js:192
[  511725ms] [LOG] %c Fresh %c Connection closed. Trying to reconnect... background-color: #86efac; color: black color: inherit @ http://localhost:8090/_fresh/js/b38c2471f0dd1c6b9424dacdac6f662f91196bd7/chunk-X2AB3GUX.js:154
[  511727ms] [ERROR] WebSocket connection to 'ws://localhost:8090/_frsh/alive' failed: Error in connection establishment: net::ERR_CONNECTION_REFUSED @ http://localhost:8090/_fresh/js/b38c2471f0dd1c6b9424dacdac6f662f91196bd7/chunk-X2AB3GUX.js:174
[  511879ms] [ERROR] WebSocket connection to 'ws://localhost:8090/_frsh/alive' failed: Error in connection establishment: net::ERR_CONNECTION_REFUSED @ http://localhost:8090/_fresh/js/b38c2471f0dd1c6b9424dacdac6f662f91196bd7/chunk-X2AB3GUX.js:174
[  513265ms] [WARNING] cdn.tailwindcss.com should not be used in production. To use Tailwind CSS in production, install it as a PostCSS plugin or use the Tailwind CLI: https://tailwindcss.com/docs/installation @ https://cdn.tailwindcss.com/:63
[  513412ms] [LOG] %c Fresh %c Connected to development server. background-color: #86efac; color: black color: inherit @ http://localhost:8090/_fresh/js/d9b3e39e6aee031fdbb6982d20a33950e7133c14/chunk-TQDZD7JD.js:192
[  527205ms] [WARNING] cdn.tailwindcss.com should not be used in production. To use Tailwind CSS in production, install it as a PostCSS plugin or use the Tailwind CLI: https://tailwindcss.com/docs/installation @ https://cdn.tailwindcss.com/:63
[  527314ms] [LOG] %c Fresh %c Connected to development server. background-color: #86efac; color: black color: inherit @ http://localhost:8090/_fresh/js/d9b3e39e6aee031fdbb6982d20a33950e7133c14/chunk-TQDZD7JD.js:192
